// Jest Snapshot v1, https://goo.gl/fbAQLP

exports[`renders correctly 1`] = `
<DocumentFragment>
  <button
    class="button button_small button_transparent"
    type="button"
  >
    button
  </button>
</DocumentFragment>
`;
