// Jest Snapshot v1, https://goo.gl/fbAQLP

exports[`renders correctly 1`] = `
<DocumentFragment>
  <a
    class="link-button"
  >
    test link
  </a>
</DocumentFragment>
`;
