// Jest Snapshot v1, https://goo.gl/fbAQLP

exports[`renders correctly 1`] = `
<DocumentFragment>
  <div
    class="alert"
  >
    <img
      alt=""
    />
    test alert
  </div>
</DocumentFragment>
`;
