// Jest Snapshot v1, https://goo.gl/fbAQLP

exports[`renders correctly 1`] = `
<DocumentFragment>
  <b
    class="title"
  >
    test title
  </b>
</DocumentFragment>
`;
