// Jest Snapshot v1, https://goo.gl/fbAQLP

exports[`renders correctly 1`] = `
<DocumentFragment>
  <button
    class="link-button"
    type="button"
  >
    test link
  </button>
</DocumentFragment>
`;
